
=== STAGE 1: scrape FILM-GRAB ===
Using cached filmlist (4051 films).
Scraping 4051 film pages…
  [25/4051] Into The Wild (2007) — 64 frames
  [50/4051] Adventureland (2009) — 64 frames
  [75/4051] 25th Hour (2002) — 62 frames
  [100/4051] The Graduate (1967) — 64 frames
  [125/4051] Blue Valentine (2010) — 65 frames
  [150/4051] Inception (2010) — 65 frames
  [175/4051] Ruby Sparks (2012) — 65 frames
  [200/4051] Gummo (1997) — 65 frames
  [225/4051] Scott Pilgrim Vs The World (2010) — 64 frames
  [250/4051] Butterfly Kiss (1995) — 64 frames
  [275/4051] Who’s Afraid Of Virginia Woolf? (1966) — 61 frames
  [300/4051] The Tenant (1976) — 65 frames
  [325/4051] The Social Network (2010) — 63 frames
  [350/4051] Half Nelson (2006) — 65 frames
  [375/4051] Genova (2008) — 64 frames
  [400/4051] Simon Killer (2012) — 65 frames
  [425/4051] Children Of Men (2006) — 65 frames
  [450/4051] Inside Llewyn Davis (2013) — 65 frames
  [475/4051] Repo Man (1984) — 64 frames
  [500/4051] Down Terrace (2009) — 65 frames
  [525/4051] After Hours (1985) — 65 frames
  [550/4051] Magic (1978) — 65 frames
  [575/4051] The Grand Budapest Hotel (2014) — 64 frames
  [600/4051] Demon Seed (1977) — 65 frames
  [625/4051] The Double (2013) — 65 frames
  [650/4051] Cape Fear (1962) — 64 frames
  [675/4051] Il Bidone (1955) — 65 frames
  [700/4051] Stranger Than Paradise (1984) — 53 frames
  [725/4051] Joe (2013) — 65 frames
  [750/4051] Amarcord (1973) — 65 frames
  [775/4051] Naked Lunch (1991) — 51 frames
  [800/4051] Brief Encounter (1945) — 65 frames
  [825/4051] Groundhog Day (1993) — 60 frames
  [850/4051] Super 8 (2011) — 65 frames
  [875/4051] Ginger & Rosa (2012) — 65 frames
  [900/4051] Le Chinoise (1967) — 51 frames
  [925/4051] Natural Born Killers (1994) — 65 frames
  [950/4051] Jurassic Park (1993) — 65 frames
  [975/4051] The Ladykillers (2004) — 65 frames
  [1000/4051] Helas Pour Moi (1993) — 65 frames
  [1025/4051] In a Glass Cage (1986) — 65 frames
  [1050/4051] The Quick and the Dead (1995) — 65 frames
  [1075/4051] Artists and Models (1955) — 53 frames
  [1100/4051] The Canyons (2013) — 65 frames
  [1125/4051] Pat Garrett & Billy The Kid (1973) — 47 frames
  [1150/4051] Tabu (2012) — 65 frames
  [1175/4051] Benny’s Video (1992) — 52 frames
  [1200/4051] Macbeth (2015) — 64 frames
  [1225/4051] No Regrets for Our Youth (1946) — 65 frames
  [1250/4051] 71 Fragments of a Chronology of Chance (1994) — 44 frames
  [1275/4051] Pandora’s Box (1929) — 65 frames
  [1300/4051] To Live and Die in L.A. (1985) — 65 frames
  [1325/4051] Kwaidan (1964) — 65 frames
  [1350/4051] Visioneers (2008) — 65 frames
  [1375/4051] Avengers: Age of Ultron (?) — 65 frames
  [1400/4051] Hunt for the Wilderpeople (2016) — 65 frames

=== STAGE 1: scrape FILM-GRAB ===
Using cached filmlist (4051 films).
Scraping 4051 film pages…
  [1425/4051] Union City (?) — 60 frames
  [1450/4051] Green Street (2005) — 65 frames
  [1475/4051] Women on the Verge of a Nervous Breakdown (?) — 64 frames
  [1500/4051] Man Is Not Bird (1965) — 65 frames
  [1525/4051] The Unbearable Lightness of Being (1988) — 65 frames
  [1550/4051] The Pit and The Pendulum (1991) — 65 frames
  [1575/4051] Blue Jay (?) — 63 frames
  [1600/4051] Lady Snowblood Song of Vengeance (1974) — 65 frames
  [1625/4051] The Imitation Game (2014) — 65 frames
  [1650/4051] The Extraordinary Adventures of Adèle Blanc-Sec (2010) — 65 frames
  [1675/4051] A Summer at Grandpa’s (1984) — 44 frames
  [1700/4051] Lisa and The Devil (1973) — 54 frames
  [1725/4051] BlacKkKlansman (2018) — 65 frames
  [1750/4051] For Ever Mozart (1996) — 65 frames
  [1775/4051] Mindhorn (2016) — 65 frames
  [1800/4051] Lean on Pete (2017) — 65 frames
  [1825/4051] Solo: A Star Wars Story (2018) — 65 frames
  [1850/4051] Starman (1984) — 65 frames
  [1875/4051] Audition (?) — 65 frames
  [1900/4051] Pollock (2000) — 65 frames
  [1925/4051] Kamouraska (1973) — 65 frames
  [1950/4051] Spring (?) — 60 frames
  ✗ hellboy-2019: no title or frames
  [1975/4051] Child’s Play 3 (1991) — 65 frames
  [2000/4051] Mid90s (2018) — 55 frames
  [2025/4051] The Dead Don’t Die (2019) — 55 frames
  [2050/4051] Mission: Impossible (1996) — 64 frames
  [2075/4051] Dangerous Beauty (1998) — 56 frames
  [2100/4051] Malcolm X (1992) — 65 frames
  [2125/4051] Aquaman (2018) — 65 frames
  [2150/4051] Tron (1982) — 58 frames
  [2175/4051] The Reflecting Skin (1990) — 49 frames
  [2200/4051] Come Back to the 5 & Dime Jimmy Dean, Jimmy Dean (?) — 47 frames
  [2225/4051] James and the Giant Peach (1996) — 59 frames
  [2250/4051] Stronger (2017) — 59 frames
  [2275/4051] Revanche (2008) — 48 frames
  [2300/4051] Train To Busan (?) — 43 frames
  [2325/4051] Miss Peregrine’s Home for Peculiar Children (2016) — 58 frames
  [2350/4051] Ghost in the Shell (2017) (2017) — 65 frames
  [2375/4051] Last Flag Flying (2017) — 50 frames
  [2400/4051] The Art of Self Defence (?) — 65 frames
  [2425/4051] Roma (?) — 52 frames
  [2450/4051] Goodnight Mommy (2014) — 65 frames
  [2475/4051] Here Alone (2016) — 65 frames
  [2500/4051] Saw (2004) — 65 frames
  [2525/4051] The Alchemist Cookbook (2016) — 27 frames
  [2550/4051] Da 5 Bloods (2020) — 52 frames
  [2575/4051] Wanda (1970) — 49 frames
  [2600/4051] Under The Shadow (2016) — 45 frames
  [2625/4051] Swallow (?) — 56 frames
  [2650/4051] Man on the Roof (1976) — 57 frames
  [2675/4051] The Blood on Satan’s Claw (1971) — 48 frames
  [2700/4051] The Farewell (2019) — 65 frames
  [2725/4051] Dumplings (2004) — 60 frames
  [2750/4051] Stereo (?) — 41 frames
  [2775/4051] The Mountain (?) — 54 frames
  [2800/4051] Pirates of the Caribbean: On Stranger Tides (2011) — 65 frames
  [2825/4051] Paganini Horror (?) — 65 frames
  [2850/4051] The Horror of Frankenstein (1970) — 61 frames
  [2875/4051] Siberia (2019) — 64 frames
  [2900/4051] Muriel (1963) — 64 frames
  [2925/4051] The French Dispatch (2021) — 65 frames
  [2950/4051] Ip Man 3 (2015) — 65 frames
  [2975/4051] You Only Live Twice (1967) — 59 frames
  [3000/4051] The Spy Who Loved Me (1977) — 59 frames
  [3025/4051] The Living Daylights (1987) — 49 frames
  [3050/4051] Candyman (2021) (2021) — 65 frames
  [3075/4051] Doctor Strange in the Multiverse of Madness (2022) — 64 frames
  ✗ marcel-the-shell-with-shoes-on: no title or frames
  [3100/4051] Millennium Mambo (2001) — 20 frames
  [3125/4051] A Tale of Smallpox (1975) — 11 frames
  ✗ the-banshees-of-inisherin: no title or frames
  [3150/4051] After Blue (2021) — 51 frames
  [3175/4051] The Boogeyman (2023) — 61 frames
  [3200/4051] No One Will Save You (2023) — 65 frames
  [3225/4051] Brooklyn 45 (2023) — 65 frames
  ✗ all-dirt-roads-taste-of-salt: no title or frames
  ✗ imitation-of-life: no title or frames
  [3250/4051] All The President’s Men (1976) — 55 frames
  [3275/4051] Lingua Franca (2019) — 65 frames
  [3300/4051] Ambulance (2022) — 65 frames
  [3325/4051] Evil Dead Rise (2023) — 60 frames
  [3350/4051] Tokyo Godfathers (2003) — 65 frames
  [3375/4051] Hit Man (2023) — 65 frames
  [3400/4051] The Souvenir (2019) — 65 frames
  [3425/4051] Peter Pan & Wendy (2023) — 65 frames
  [3450/4051] Wonka (2023) — 65 frames
  [3475/4051] StageFright (1987) — 65 frames
  [3500/4051] Livid (2011) — 65 frames
  [3525/4051] Ant-Man and the Wasp: Quantumania (2023) — 65 frames
  [3550/4051] Mountains of the Moon (1990) — 65 frames
  [3575/4051] The Book of Clarence (2023) — 65 frames
  [3600/4051] The Twentieth Century (2019) — 65 frames
  [3625/4051] Of An Age (2022) — 65 frames
  [3650/4051] George Washington (2000) — 65 frames
  [3675/4051] Falcon Lake (2022) — 65 frames
  [3700/4051] In My Mother’s Skin (2023) — 65 frames
  [3725/4051] The Wild Boys (2017) — 65 frames
  [3750/4051] Escape From New York (1981) — 58 frames
  [3775/4051] She Said (2022) — 65 frames
  ✗ totally-fed-up: no title or frames
  [3800/4051] One Fine Morning (2022) — 65 frames
  ✗ shivers: no title or frames
  [3825/4051] The Entity (1982) — 64 frames
  [3850/4051] The Life and Death of Colonel Blimp (1943) — 65 frames
  [3875/4051] Fatal Attraction (1987) — 65 frames
  [3900/4051] The Killers (1946) — 65 frames
  [3925/4051] Die My Love (2025) — 65 frames
  [3950/4051] Eddington (2025) — 65 frames
  [3975/4051] The Others (2001) — 65 frames
  ✗ the-cranes-are-flying: no title or frames
  [4000/4051] Perpetrator (2023) — 65 frames
  ✗ all-i-desire: no title or frames
  ✗ menace-ii-society: no title or frames
  [4025/4051] The Royal Hotel (2023) — 65 frames
  [4050/4051] Corsage (2022) — 65 frames
Stage 1 done. films.json has 4041 films. 10 errors logged.

=== STAGE 2: match TMDb ===
Matching 4041 films to TMDb…
  [25/4041] The Prestige (2006) — Christopher Nolan — 17649 votes
  [50/4041] GoodFellas (1990) — Martin Scorsese — 14426 votes
  [75/4041] The Dark Knight (2008) — Christopher Nolan — 35930 votes
  ? Love In The Afternoon (Chloe In The Afternoon) (L’amour l’après-midi) (1972) → low_confidence (guess: Love in the Afternoon 1972)
  [100/4041] Road to Perdition (2002) — Sam Mendes — 4003 votes
  [125/4041] Tetro (2009) — Francis Ford Coppola — 211 votes
  [150/4041] Shame (2011) — Steve McQueen — 3420 votes
  [175/4041] Psycho (1998) — Gus Van Sant — 1049 votes
  [200/4041] Vertigo (1958) — Alfred Hitchcock — 6354 votes
  ? Mauvais Sang (Bad Blood) (The Night Is Young) (1986) → low_confidence (guess: Mauvais Sang 1986)
  [225/4041] The Great Silence (1968) — Sergio Corbucci — 460 votes
  [250/4041] The Elephant Man (1980) — David Lynch — 3942 votes
  ? Le Bonheur (Happiness) (1965) → low_confidence (guess: The Way to Happiness 2022)
  [275/4041] Evil Dead II (1987) — Sam Raimi — 3497 votes
  [300/4041] The Virgin Suicides (2000) — Sofia Coppola — 3615 votes
  [325/4041] Out of Sight (1998) — Steven Soderbergh — 1411 votes
  [350/4041] Jude (1996) — Michael Winterbottom — 145 votes
  [375/4041] Breakfast on Pluto (2005) — Neil Jordan — 437 votes
  [400/4041] Mud (2013) — Jeff Nichols — 3069 votes
  [425/4041] Happy Together (1997) — Wong Kar-Wai — 802 votes
  [450/4041] Blue Is the Warmest Color (2013) — Abdellatif Kechiche — 4869 votes
  [475/4041] Rio das Mortes (1971) — Rainer Werner Fassbinder — 16 votes
  [500/4041] Amer (2009) — Hélène Cattet, Bruno Forzani — 173 votes
  ? World On A Wire (1973) → low_confidence (guess: Rainer Werner Fassbinder's World on a Wire: Looking Ahead to Today 2010)
  [525/4041] Dead Ringers (1988) — David Cronenberg — 1003 votes
  [550/4041] Everything Is Illuminated (2005) — Liev Schreiber — 824 votes
  ? Fear Of Fear (1975) → low_confidence (guess: Fear of Rain 2021)
  [575/4041] Bastards (2013) — Claire Denis — 106 votes
  [600/4041] Sorcerer (1977) — William Friedkin — 657 votes
  [625/4041] Sexy Beast (2001) — Jonathan Glazer — 900 votes
  ? The Double (2013) → low_confidence (guess: The Double 2014)
  ? Perversion Story (1969) → low_confidence (guess: Murder by Music 1969)
  [650/4041] The White Sheik (1952) — Federico Fellini — 287 votes
  ? Psycho 2 (1983) → low_confidence (guess: Psycho Santa 2 2011)
  ? The Portait of a Lady (1996) → NO_MATCH
  ? Alien 3 (1992) → low_confidence (guess: The Alien Hand 3 null)
  [675/4041] Three Colors: White (1994) — Krzysztof Kieślowski — 1326 votes
  [700/4041] Pontypool (2009) — Bruce McDonald — 705 votes
  ? Bubble (2005) → low_confidence (guess: Bubble 2006)
  [725/4041] Brewster McCloud (1971) — Robert Altman — 98 votes
  ? Prison (1949) → low_confidence (guess: Prison 1987)
  [750/4041] An American in Paris (1951) — Vincente Minnelli — 647 votes
  ? Thirst (1949) → low_confidence (guess: Thirst 2009)
  [775/4041] City of Women (1980) — Federico Fellini — 293 votes
  [800/4041] Barfly (1987) — Barbet Schroeder — 387 votes
  ? Dreams (1955) → low_confidence (guess: Dreams 1990)
  [825/4041] Boyhood (2014) — Richard Linklater — 5524 votes
  ? The Magician (1958) → low_confidence (guess: The Magician 2005)
  [850/4041] Guardians of the Galaxy (2014) — James Gunn — 29779 votes
  [875/4041] To Kill a Mockingbird (1962) — Robert Mulligan — 2867 votes
  [900/4041] Napoleon Dynamite (2004) — Jared Hess — 2179 votes
  ? Le Chinoise (1967) → low_confidence (guess: Secrets of the Heavenly Book 1983)
  [925/4041] The Passion of Anna (1969) — Ingmar Bergman — 200 votes
  ? Macbeth (1948) → low_confidence (guess: Macbeth 2015)
  ? The Colour of Money (1986) → NO_MATCH
  [950/4041] Pleasantville (1998) — Gary Ross — 1890 votes
  [975/4041] Mimic (1997) — Guillermo del Toro — 1250 votes
  [1000/4041] The Devil's Backbone (2001) — Guillermo del Toro — 1360 votes
  ? Dementia (Daughter of Horror) (1955) → low_confidence (guess: Dementia 1955)
  [1025/4041] Pan's Labyrinth (2006) — Guillermo del Toro — 11494 votes
  [1050/4041] The War of the Worlds: Next Century (1981) — Piotr Szulkin — 60 votes
  [1075/4041] Carne (1991) — Gaspar Noé — 245 votes
  [1100/4041] Back to the Future (1985) — Robert Zemeckis — 21881 votes
  ? Broken Blossoms (1919) → low_confidence (guess: Broken Blossoms 1936)
  [1125/4041] The Hunt for Red October (1990) — John McTiernan — 3635 votes
  [1150/4041] Catch Me If You Can (2002) — Steven Spielberg — 17155 votes
  [1175/4041] Nightcrawler (2014) — Dan Gilroy — 11765 votes
  ? Blue (1993) → low_confidence (guess: Perfect Blue 1998)
  ? Koyaanasquatsi (1982) → NO_MATCH
  [1200/4041] Pee-wee's Big Adventure (1985) — Tim Burton — 849 votes
  ? Naqoyquatsi (2002) → NO_MATCH
  [1225/4041] The Docks of New York (1928) — Josef von Sternberg — 119 votes
  [1250/4041] A Room for Romeo Brass (1999) — Shane Meadows — 64 votes
  ? The Corpse Bride (2005) → low_confidence (guess: The Corpse Vanishes 1942)
  ? Une Femme Mariée (1964) → low_confidence (guess: The Married Woman 1964)
  [1275/4041] Rashomon (1950) — Akira Kurosawa — 2525 votes
  ? O-Bi, O-Ba – The End of Civilisation (1985) → NO_MATCH
  ? Harry Potter & The Deathly Hallows Part 1 (2010) → low_confidence (guess: Harry Potter and the Deathly Hallows: Part 1 2010)
  ? Harry Potter & The Deathly Hallows Part 2 (2011) → low_confidence (guess: Harry Potter and the Deathly Hallows: Part 2 2011)
  [1300/4041] Seven Samurai (1954) — Akira Kurosawa — 4254 votes
  ? The Fourth Man (1983) → low_confidence (guess: The 4th Man 1983)
  [1325/4041] Invaders from Mars (1986) — Tobe Hooper — 280 votes
  [1350/4041] Lone Wolf and Cub: Baby Cart to Hades (1972) — Kenji Misumi — 164 votes
  [1375/4041] The Girl on the Bridge (1999) — Patrice Leconte — 228 votes
  ? Lemonade (?) → low_confidence (guess: Lemonade 2016)
  [1400/4041] Sanjuro (1962) — Akira Kurosawa — 721 votes
  ? Rabbit’s Moon (1950) → low_confidence (guess: Rabbit's Moon 1971)
  [1425/4041] The Matrix Revolutions (2003) — Lana Wachowski, Lilly Wachowski — 10853 votes
  ? Pepi, Luci, Bom and Other Girls Like Mom (?) → low_confidence (guess: Pepi, Luci, Bom 1980)
  ? Tale of Tales (?) → low_confidence (guess: Tale of Tales 2015)
  ? Green Street (2005) → low_confidence (guess: Green Street Hooligans 2005)
  ? Children (?) → low_confidence (guess: The Children 2008)
  ? Junebug (?) → low_confidence (guess: Junebug 2005)
  ? Destiny (1921) → low_confidence (guess: Destiny 2013)
  ? Madonna and Child (?) → low_confidence (guess: Madonna and Child 1980)
  ? Matador (?) → low_confidence (guess: The Matador 2005)
  [1475/4041] The Dreamers (2003) — Bernardo Bertolucci — 3098 votes
  ? Pete’s Dragon (?) → low_confidence (guess: Pete's Dragon 2016)
  ? The Deep Blue Sea (?) → low_confidence (guess: The Deep Blue Sea 2011)
  ? Kika (?) → low_confidence (guess: Kika 1993)
  [1500/4041] Batman v Superman: Dawn of Justice (2016) — Zack Snyder — 19036 votes
  ? Slow Motion (Every Man for Himself) (Sauve Que Peut (La Vie) (1980) → low_confidence (guess: Every Man for Himself 1980)
  ? The Invitation (?) → low_confidence (guess: The Invitation 2016)
  ? Bad Education (?) → low_confidence (guess: Bad Education 2004)
  [1525/4041] WR: Mysteries of the Organism (1971) — Dušan Makavejev — 95 votes
  ? Freaks (?) → low_confidence (guess: Freaks 1932)
  [1550/4041] The Purge (2013) — James DeMonaco — 8868 votes
  ? The Abominible Dr. Phibes (1972) → NO_MATCH
  ? Halloween (?) → low_confidence (guess: Halloween 1978)
  ? Salome (?) → low_confidence (guess: Salome 1953)
  ? Boys Don’t Cry (?) → low_confidence (guess: Boys Don't Cry 1999)
  [1575/4041] Thieves Like Us (1974) — Robert Altman — 90 votes
  ? Hamlet (?) → low_confidence (guess: Hamlet 1996)
  ? Dog Eat Dog (?) → low_confidence (guess: Dog Eat Dog 2016)
  [1600/4041] Cœur fidèle (1923) — Jean Epstein — 52 votes
  ? The Getaway (?) → low_confidence (guess: The Getaway 1972)
  ? Hard To Be A God (?) → low_confidence (guess: Hard to Be a God 2014)
  ? Too Late (?) → low_confidence (guess: Too Late 2016)
  [1625/4041] Sakuran (2006) — Mika Ninagawa — 68 votes
  ? Yi-Yi (A One and A Two) (2000) → low_confidence (guess: Yi Yi 2000)
  [1650/4041] Black Moon (1975) — Louis Malle — 161 votes
  [1675/4041] Roy Colt and Winchester Jack (1970) — Mario Bava — 31 votes
  ? Get The Gringo (How I Spent My Summer Vacation) (2012) → low_confidence (guess: Get the Gringo 2012)
  ? Phoenix (?) → low_confidence (guess: Phoenix 2014)
  ? Rebecca (?) → low_confidence (guess: Rebecca 1940)
  [1700/4041] Alleluia (2014) — Fabrice Du Welz — 125 votes
  ? Halloween 2 (?) → low_confidence (guess: Once Halloween 2 2019)
  ? Small Change (?) → low_confidence (guess: Small Change 1976)
  [1725/4041] Golem (1980) — Piotr Szulkin — 67 votes
  ? Changeling (?) → low_confidence (guess: Changeling 2008)
  ? Broken (?) → low_confidence (guess: Broken 2012)
  [1750/4041] Accident (1967) — Joseph Losey — 117 votes
  ? Madame Bovary (?) → low_confidence (guess: Madame Bovary 2015)
  ? IP5 (1992) → low_confidence (guess: IP5: The Island of Pachyderms 1992)
  ? Death Note (?) → low_confidence (guess: Death Note 2017)
  [1775/4041] Ingrid Goes West (2017) — Matt Spicer — 1069 votes
  ? Thelma (?) → low_confidence (guess: Thelma 2017)
  [1800/4041] Queen of Earth (2015) — Alex Ross Perry — 172 votes
  ? Beast (?) → low_confidence (guess: Beast 2022)
  ? Age of Consent (?) → low_confidence (guess: Age of Consent 1969)
  [1825/4041] The Color of Pomegranates (1969) — Sergei Parajanov — 337 votes
  [1850/4041] Wonderstruck (2017) — Todd Haynes — 428 votes
  ? Fall of the House of Usher (?) → low_confidence (guess: The Fall of the House of Usher 1928)
  [1875/4041] The Disaster Artist (2017) — James Franco — 3766 votes
  ? Black Snow (?) → low_confidence (guess: Black Snow 2017)
  [1900/4041] Maîtresse (1976) — Barbet Schroeder — 57 votes
  ? Love Me Tender (?) → low_confidence (guess: Love Me Tender 1956)
  [1925/4041] Evolution (2016) — Lucile Hadžihalilović — 230 votes
  ? The Man Who Loved Women (?) → low_confidence (guess: The Man Who Loved Women 1977)
  [1950/4041] I Trapped the Devil (2019) — Josh Lobo — 92 votes
  ? Apostle (?) → low_confidence (guess: Apostle 2018)
  [1975/4041] Child's Play 3 (1991) — Jack Bender — 1759 votes
  [2000/4041] mid90s (2018) — Jonah Hill — 1802 votes
  ? I Think We’re Alone Now (?) → low_confidence (guess: I Think We're Alone Now 2018)
  ? Damsel (?) → low_confidence (guess: Damsel 2024)
  [2025/4041] The Dead Don't Die (2019) — Jim Jarmusch — 2863 votes
  ? Cold War (?) → low_confidence (guess: Cold War 2018)
  ? Burning (?) → low_confidence (guess: Burning 2018)
  [2050/4041] Mission: Impossible (1996) — Brian De Palma — 10006 votes
  ? Sunrise (1927) → low_confidence (guess: Sunrise 2024)
  [2075/4041] Dangerous Beauty (1998) — Marshall Herskovitz — 295 votes
  [2100/4041] Malcolm X (1992) — Spike Lee — 1915 votes
  ? 1984 (1984) → low_confidence (guess: 1984 1956)
  [2125/4041] Aquaman (2018) — James Wan — 14938 votes
  [2150/4041] Tron (1982) — Steven Lisberger — 2762 votes
  ? Post Mortem (?) → low_confidence (guess: Post Mortem 2020)
  [2175/4041] The Reflecting Skin (1990) — Philip Ridley — 220 votes
  ? The Other (1999) (1999) → low_confidence (guess: The Other 1972)
  ? T-Rex (2015) → low_confidence (guess: T-Rex 2016)
  [2200/4041] Come Back to the 5 & Dime, Jimmy Dean, Jimmy Dean (1982) — Robert Altman — 76 votes
  ? Domino (?) → low_confidence (guess: Domino 2005)
  ? Bliss (?) → low_confidence (guess: Bliss 2021)
  [2225/4041] James and the Giant Peach (1996) — Henry Selick — 1438 votes
  ? Much Ado About Nothing (2012) → low_confidence (guess: Much Ado About Nothing 2013)
  ? Cracks (?) → low_confidence (guess: Cracks 2009)
  [2250/4041] Stronger (2017) — David Gordon Green — 1578 votes
  ? Gohatto (1999) → low_confidence (guess: Taboo 1999)
  ? Private Life (?) → low_confidence (guess: Private Life 2018)
  [2275/4041] Revanche (2008) — Götz Spielmann — 250 votes
  [2300/4041] Train to Busan (2016) — Yeon Sang-ho — 8416 votes
  ? Anguish (?) → low_confidence (guess: Anguish 1987)
  [2325/4041] Miss Peregrine's Home for Peculiar Children (2016) — Tim Burton — 10491 votes
  ? All Quiet on the Western Front (?) → low_confidence (guess: All Quiet on the Western Front 2022)
  ? Grass (?) → low_confidence (guess: Grass 2018)
  [2350/4041] Ghost in the Shell (2017) — Rupert Sanders — 8589 votes
  ? Dr. Jekyll and Mr. Hyde (?) → low_confidence (guess: Dr. Jekyll and Mr. Hyde 1931)
  ? Krisha (2015) → low_confidence (guess: Krisha 2016)
  [2375/4041] Last Flag Flying (2017) — Richard Linklater — 489 votes
  ? Mother (?) → low_confidence (guess: mother! 2017)
  ? The Art of Self Defence (?) → NO_MATCH
  ? Starfish (?) → low_confidence (guess: Starfish 2019)
  ? Lourdes (?) → low_confidence (guess: Lourdes 2009)
  ? Roma (?) → low_confidence (guess: Roma 2018)
  ? Crime & Punishment (?) → low_confidence (guess: Crime + Punishment 2018)
  ? Unstoppable (?) → low_confidence (guess: Unstoppable 2010)
  ? Tomboy (?) → low_confidence (guess: Tomboy 2011)
  [2450/4041] Goodnight Mommy (2015) — Severin Fiala, Veronika Franz — 1704 votes
  ? Colour Out of Space (?) → low_confidence (guess: Color Out of Space 2020)
  ? Beauty and the Beast (1978) (1978) → low_confidence (guess: Beauty and the Beast 1977)
  ? Furia (?) → low_confidence (guess: Furia 1999)
  ? The Wind (?) → low_confidence (guess: The Wind 2018)
  [2475/4041] Here Alone (2016) — Rod Blackhurst — 249 votes
  ? Last House on the Left (?) → low_confidence (guess: The Last House on the Left 2009)
  ? Luz (2018) → low_confidence (guess: Luz: The Flower of Evil 2019)
  ? Saw VII: The Final Chapter (?) → low_confidence (guess: Saw 3D 2010)
  [2500/4041] Saw (2004) — James Wan — 10091 votes
  [2525/4041] The Alchemist Cookbook (2016) — Joel Potrykus — 59 votes
  [2550/4041] Da 5 Bloods (2020) — Spike Lee — 1171 votes
  ? Mustang (?) → low_confidence (guess: Mustang 2015)
  ? The Hands of Orlac (?) → low_confidence (guess: The Hands of Orlac 1924)
  ? Frankie and Johnny (?) → low_confidence (guess: Frankie and Johnny 1991)
  [2575/4041] Wanda (1970) — Barbara Loden — 157 votes
  [2600/4041] Under the Shadow (2016) — Babak Anvari — 729 votes
  ? Wall-E (?) → low_confidence (guess: East of Wall 2025)
  ? King Kong Vs. Godzilla (?) → low_confidence (guess: King Kong vs. Godzilla 1962)
  ? Braid (?) → low_confidence (guess: The Braid 2023)
  ? Voyage of Time (?) → low_confidence (guess: Voyage of Time: Life's Journey 2017)
  [2625/4041] Swallow (2020) — Carlo Mirabella-Davis — 855 votes
  ? The Nightingale (?) → low_confidence (guess: The Nightingale 2018)
  [2650/4041] Man on the Roof (1976) — Bo Widerberg — 81 votes
  ? The Dancer (?) → low_confidence (guess: The Dancer 2016)
  ? A Fistful of Dynamite (?) → low_confidence (guess: Duck, You Sucker 1971)
  [2675/4041] The Blood on Satan's Claw (1971) — Piers Haggard — 166 votes
  ? Depraved (?) → low_confidence (guess: Depraved 2019)
  [2700/4041] The Farewell (2019) — Lulu Wang — 1548 votes
  ? Antiporno (?) → low_confidence (guess: Making of Antiporno 2016)
  [2725/4041] Dumplings (2004) — Fruit Chan — 259 votes
  ? Godzilla and Mothra: The Battle for Earth (1992) → low_confidence (guess: Godzilla vs. Mothra 1992)
  [2750/4041] Stereo (2014) — Maximilian Erlenwein — 163 votes
  ? The Mountain (?) → low_confidence (guess: The Mountain 1956)
  ? Take Me Away! (?) → low_confidence (guess: Take Me Away 2003)
  [2800/4041] Pirates of the Caribbean: On Stranger Tides (2011) — Rob Marshall — 14988 votes
  ? The Lodger (?) → low_confidence (guess: The Lodger 2009)
  ? One and Two (?) → low_confidence (guess: Two and One 2021)
  ? The Falling (?) → low_confidence (guess: The Falling 2015)
  ? And God Created Woman (?) → low_confidence (guess: ...And God Created Woman 1956)
  [2825/4041] Paganini Horror (1989) — Luigi Cozzi — 63 votes
  ? Spiral (2021) → low_confidence (guess: Spiral 2019)
  ? Housewife (?) → low_confidence (guess: Housewife 2017)
  [2850/4041] The Horror of Frankenstein (1970) — Jimmy Sangster — 88 votes
  ? Bones (?) → low_confidence (guess: Bones 2001)
  ? The Good Thief (?) → low_confidence (guess: The Good Thief 2003)
  ? Siberia (2019) → low_confidence (guess: Siberia 2018)
  ? Silence (2012) (2012) → low_confidence (guess: Silence 2016)
  ? Black Christmas (?) → low_confidence (guess: Black Christmas 1974)
  ? The 1,000 Eyes of Dr. Mabuse (1960) → NO_MATCH
  ? The Cage (1964) → low_confidence (guess: The Cage 2019)
  ? Emperor Tomato Ketchup (Short) (1971) → NO_MATCH
  ? Muriel (1963) → low_confidence (guess: Muriel 2021)
  ? The Threepenny Opera (?) → low_confidence (guess: The Threepenny Opera 1931)
  ? Jeanne Dielman, 23, quai du commerce, 1080 Bruxelles (1975) → NO_MATCH
  ? The French Dispatch (2021) → low_confidence (guess: The French Dispatch of the Liberty, Kansas Evening Sun 2021)
  [2950/4041] Ip Man 3 (2015) — Wilson Yip — 1932 votes
  ? Trial (1975) → low_confidence (guess: The Trial 1962)
  [2975/4041] You Only Live Twice (1967) — Lewis Gilbert — 2493 votes
  [3000/4041] The Spy Who Loved Me (1977) — Lewis Gilbert — 2246 votes
  [3025/4041] The Living Daylights (1987) — John Glen — 2032 votes
  [3050/4041] Candyman (2021) — Nia DaCosta — 1766 votes
  [3075/4041] Doctor Strange in the Multiverse of Madness (2022) — Sam Raimi — 10382 votes
  ? Electra Luxx (?) → NO_MATCH
  ? Poser (2021) → low_confidence (guess: Poser 2022)
  [3100/4041] Guillermo del Toro's Pinocchio (2022) — Mark Gustafson, Guillermo del Toro — 3349 votes
  ? Love on the Run (?) → low_confidence (guess: Love on the Run 1979)
  ? A Tale of Smallpox (1975) → NO_MATCH
  [3125/4041] The Haunting (1999) — Jan de Bont — 1535 votes
  [3150/4041] Hatching (2022) — Hanna Bergholm — 496 votes
  [3175/4041] Legend (1985) — Ridley Scott — 1388 votes
  [3200/4041] Christmas Bloody Christmas (2022) — Joe Begos — 238 votes
  [3225/4041] Yentl (1983) — Barbra Streisand — 261 votes
  [3250/4041] Anatomy of Hell (2004) — Catherine Breillat — 152 votes
  [3275/4041] West Side Story (2021) — Steven Spielberg — 1783 votes
  [3300/4041] Dune: Part Two (2024) — Denis Villeneuve — 8044 votes
  [3325/4041] John Wick: Chapter 4 (2023) — Chad Stahelski — 7978 votes
  ? Destroy All Neighbours (2024) → NO_MATCH
  [3350/4041] Evil Does Not Exist (2023) — Ryusuke Hamaguchi — 296 votes
  ? The Sleeping Beauty (2010) → low_confidence (guess: The sleeping beauty 2007)
  [3375/4041] Stars at Noon (2022) — Claire Denis — 139 votes
  ? Apur Sansar (1959) → low_confidence (guess: The World of Apu 1959)
  ? Furiosa (2024) → low_confidence (guess: Furious 7 2015)
  [3400/4041] The Peasants (2023) — Hugh Welchman, DK Welchman — 166 votes
  [3425/4041] Monster (2023) — Hirokazu Kore-eda — 898 votes
  [3450/4041] What a Way to Go! (1964) — J. Lee Thompson — 104 votes
  [3475/4041] Rigor Mortis (2013) — Juno Mak — 202 votes
  ? Night of the Blood Monster (1970) → low_confidence (guess: The Bloody Judge 1970)
  [3500/4041] At Midnight I'll Take Your Soul (1964) — José Mojica Marins — 122 votes
  ? Balloon (2019) → low_confidence (guess: Balloon 2018)
  ? Alex Wheatle (?) → NO_MATCH
  ? Eureka (2023) (2023) → low_confidence (guess: Eureka 2024)
  [3525/4041] Fuzzy Head (2023) — Wendy McColm — 7 votes
  ? National Anthem (2023) → low_confidence (guess: National Anthem 2024)
  [3550/4041] Election (1999) — Alexander Payne — 1196 votes
  [3575/4041] Double Blind (2024) — Ian Hunt-Duffy — 185 votes
  ? Helll Hole (2024) → NO_MATCH
  [3600/4041] The Magnificent Seven (2016) — Antoine Fuqua — 6426 votes
  ? Bloodsuckers (?) → low_confidence (guess: Bloodsuckers 2005)
  [3625/4041] What Have They Done to Your Daughters? (1974) — Massimo Dallamano — 90 votes
  ? Z (1969) → low_confidence (guess: Dragon Ball Z: Battle of Gods 2013)
  [3650/4041] The 39 Steps (1935) — Alfred Hitchcock — 1051 votes
  [3675/4041] The Naked Kiss (1964) — Samuel Fuller — 203 votes
  [3700/4041] Andrei Rublev (1966) — Andrei Tarkovsky — 952 votes
  [3725/4041] The Human Condition II: Road to Eternity (1959) — Masaki Kobayashi — 220 votes
  [3750/4041] Hard Target (1993) — John Woo — 1341 votes
  ? Sniper: G.R.I.T. (2023) → low_confidence (guess: Sniper: G.R.I.T. - Global Response & Intelligence Team 2023)
  [3775/4041] A Better Tomorrow (1986) — John Woo — 615 votes
  [3800/4041] Baby It's You (1983) — John Sayles — 42 votes
  ? The Beyond (1981) → low_confidence (guess: Battle Beyond the Stars 1980)
  [3825/4041] Demons 2 (1986) — Lamberto Bava — 316 votes
  [3850/4041] Samsara (2023) — Lois Patiño — 10 votes
  [3875/4041] Amsterdam (2022) — David O. Russell — 1833 votes
  ? StageFright (1950) → low_confidence (guess: Stagefright 1981)
  [3900/4041] Walk Up (2022) — Hong Sang-soo — 25 votes
  ? Invention For Destruction (1958) → low_confidence (guess: The Fabulous World of Jules Verne 1958)
  [3925/4041] One Battle After Another (2025) — Paul Thomas Anderson — 3799 votes
  ? Dracula (2025) (Besson) (2025) → NO_MATCH
  ? Dracula (2025) (Jude) (2025) → NO_MATCH
  [3950/4041] Parallel Mothers (2021) — Pedro Almodóvar — 1041 votes
  ? Influencer (2022) → low_confidence (guess: Influencer 2023)
  ? Bacarau (2019) → NO_MATCH
  [3975/4041] The Heroic Trio (1993) — Johnnie To — 103 votes
  [4000/4041] Radioactive (2020) — Marjane Satrapi — 917 votes
  [4025/4041] Creed III (2023) — Michael B. Jordan — 2887 votes
  ? Intruder (2020) → low_confidence (guess: The Intruder 2019)
Stage 2 done. matched.json has 3873 films. 168 unmatched/flagged.

=== STAGE 3: download frames ===
Downloading 3 frames each for 3873 films…
  [25/3873] The Prestige — 3 frames
  [50/3873] GoodFellas — 3 frames
Downloading 3 frames each for 3873 films (concurrency 6)…
  [100/3873] ok=100
  [200/3873] ok=200
  [300/3873] ok=300
  [400/3873] ok=400
  [500/3873] ok=500
  [600/3873] ok=600
  [700/3873] ok=700
  [800/3873] ok=800
  [900/3873] ok=900
  [1000/3873] ok=1000
  [1100/3873] ok=1100
  [1200/3873] ok=1200
  [1300/3873] ok=1300
  [1400/3873] ok=1400
  [1500/3873] ok=1500
  [1600/3873] ok=1600
  [1700/3873] ok=1700
  [1800/3873] ok=1800
  [1900/3873] ok=1900
  [2000/3873] ok=1995
Downloading 3 frames each for 3873 films (concurrency 3)…
  [100/3873] ok=100
  [200/3873] ok=200
  [300/3873] ok=300
  [400/3873] ok=400
  [500/3873] ok=500
  [600/3873] ok=600
  [700/3873] ok=700
  [800/3873] ok=800
  [900/3873] ok=900
  [1000/3873] ok=1000
  [1100/3873] ok=1100
  [1200/3873] ok=1200
  [1300/3873] ok=1300
  [1400/3873] ok=1400
  [1500/3873] ok=1500
  [1600/3873] ok=1600
  [1700/3873] ok=1700
  [1800/3873] ok=1800
  [1900/3873] ok=1898
